bits(0) = 0
bits(1) = 1
bits(7) = 3
bits(15) = 4
bits(16) = 1
bits(255) = 8
isPow2(1) = true
isPow2(2) = true
isPow2(3) = false
isPow2(4) = true
isPow2(8) = true
isPow2(10) = false
isPow2(16) = true
isPow2(64) = true
nextPow2(1) = 1
nextPow2(3) = 4
nextPow2(5) = 8
nextPow2(9) = 16
nextPow2(17) = 32
swap(3,7) = (7, 3)
swap(10,20) = (20, 10)
reverse(1, 8) = 128
reverse(128, 8) = 1
reverse(170, 8) = 85
