=== Generation 0 ===
.....
.....
.***.
.....
.....
Population: 3
=== Generation 1 ===
.....
..*..
..*..
..*..
.....
Population: 3
=== Generation 2 ===
.....
.....
.***.
.....
.....
Population: 3
=== Generation 3 ===
.....
..*..
..*..
..*..
.....
Population: 3
=== Generation 4 ===
.....
.....
.***.
.....
.....
Population: 3
=== Population history ===
3 -> 3 -> 3 -> 3 -> 3
Peak: 3
Total over time: 15
=== Glider start (pop 5) ===
After 3 steps, population: 5
......
.*....
..**..
.**...
......
......
